// Jest Snapshot v1, https://goo.gl/fbAQLP

exports[`renders sign in 1`] = `
<div
  className="App-root"
>
  <MainBar />
  <div
    className="App-container"
  >
    <WizardContainer
      data={
        Object {
          "confirmPassword": "",
          "domains": Array [],
          "email": "",
          "organizationContactEmail": "",
          "organizationName": "",
          "organizationURL": "",
          "password": "",
          "username": "",
        }
      }
      onSaveData={[Function]}
    />
  </div>
</div>
`;
